2026-03-13 19:58:16
whois.nic.abb: rate limited
whois.nic.abbott: rate limited
whois.nic.abbvie: Failed to connect to whois.nic.abbvie:43: [101] Network is unreachable
whois.nic.abc: rate limited
whois.nic.ac: rate limited
whois.free.net: timeout
whois.ac.za: Failed to connect to whois.ac.za:43: [101] Network is unreachable
whois.nic.academy: rate limited
whois.nic.accenture: rate limited
whois.nic.accountants: rate limited
whois.nic.aco: Failed to connect to whois.nic.aco:43: [0] php_network_getaddresses: getaddrinfo for whois.nic.aco failed: Name or service not known
whois.nic.actor: rate limited
whois.nic.ads: Failed to connect to whois.nic.ads:43: [0] php_network_getaddresses: getaddrinfo for whois.nic.ads failed: Name or service not known
whois.nic.aeg: rate limited
whois.aero: rate limited
whois.nic.ag: rate limited
whois.nic.agakhan: rate limited
whois.nic.agency: rate limited
whois.nic.ai: rate limited
whois.nic.airbus: rate limited
whois.nic.airforce: rate limited
whois.nic.akdn: rate limited
whois.nic.alibaba: rate limited
whois.nic.alipay: rate limited
whois.nic.allstate: rate limited
whois.nic.amazon: Failed to connect to whois.nic.amazon:43: [101] Network is unreachable
whois.nic.android: Failed to connect to whois.nic.android:43: [0] php_network_getaddresses: getaddrinfo for whois.nic.android failed: Name or service not known
whois.nic.aol: rate limited
whois.nic.apartments: rate limited
whois.nic.app: Failed to connect to whois.nic.app:43: [0] php_network_getaddresses: getaddrinfo for whois.nic.app failed: Name or service not known
whois.nic.apple: Failed to connect to whois.nic.apple:43: [0] php_network_getaddresses: getaddrinfo for whois.nic.apple failed: Name or service not known
whois.nic.archi: rate limited
whois.nic.army: rate limited
whois.nic.arte: rate limited
whois.nic.asda: rate limited
whois.nic.asia: rate limited
whois.nic.associates: rate limited
whois.nic.attorney: rate limited
whois.nic.auction: rate limited
whois.nic.audi: rate limited
whois.nic.audible: timeout
whois.nic.author: Failed to connect to whois.nic.author:43: [101] Network is unreachable
whois.nic.avianca: Failed to connect to whois.nic.avianca:43: [0] php_network_getaddresses: getaddrinfo for whois.nic.avianca failed: Name or service not known
whois.nic.aws: timeout
whois.nic.azure: Failed to connect to whois.nic.azure:43: [101] Network is unreachable
whois.nic.bananarepublic: Failed to connect to whois.nic.bananarepublic:43: [0] php_network_getaddresses: getaddrinfo for whois.nic.bananarepublic failed: Name or service not known
whois.nic.band: rate limited
whois.nic.barclaycard: rate limited

2026-03-13 20:03:55
whois.nic.abbvie: Failed to connect to whois.nic.abbvie:43: [101] Network is unreachable
whois.free.net: timeout
whois.ac.za: Failed to connect to whois.ac.za:43: [101] Network is unreachable
whois.nic.aco: Failed to connect to whois.nic.aco:43: [0] php_network_getaddresses: getaddrinfo for whois.nic.aco failed: Name or service not known
whois.nic.ads: Failed to connect to whois.nic.ads:43: [0] php_network_getaddresses: getaddrinfo for whois.nic.ads failed: Name or service not known
whois.nic.amazon: Failed to connect to whois.nic.amazon:43: [101] Network is unreachable
whois.nic.android: Failed to connect to whois.nic.android:43: [0] php_network_getaddresses: getaddrinfo for whois.nic.android failed: Name or service not known
whois.nic.app: Failed to connect to whois.nic.app:43: [0] php_network_getaddresses: getaddrinfo for whois.nic.app failed: Name or service not known
whois.nic.apple: Failed to connect to whois.nic.apple:43: [0] php_network_getaddresses: getaddrinfo for whois.nic.apple failed: Name or service not known
whois.nic.audible: timeout
whois.nic.author: timeout
whois.nic.avianca: Failed to connect to whois.nic.avianca:43: [0] php_network_getaddresses: getaddrinfo for whois.nic.avianca failed: Name or service not known
whois.nic.aws: Failed to connect to whois.nic.aws:43: [101] Network is unreachable
whois.nic.azure: timeout
whois.nic.bananarepublic: Failed to connect to whois.nic.bananarepublic:43: [0] php_network_getaddresses: getaddrinfo for whois.nic.bananarepublic failed: Name or service not known
whois.nic.barclays: rate limited
whois.nic.barefoot: rate limited
whois.nic.bargains: rate limited
whois.nic.bbc: timeout
whois.nic.bbt: rate limited
whois.nic.bbva: timeout
whois.nic.bcg: rate limited
whois.nic.beats: rate limited
whois.nic.bentley: Failed to connect to whois.nic.bentley:43: [0] php_network_getaddresses: getaddrinfo for whois.nic.bentley failed: Name or service not known
whois.nic.bestbuy: rate limited
whois.nic.bet: rate limited
whois.nic.bike: rate limited
whois.nic.bing: timeout
whois.nic.bingo: rate limited
whois.nic.bio: rate limited
whois.nic.black: rate limited
whois.nic.bloomberg: rate limited
whois.nic.blue: rate limited
whois.afilias-srs.net: rate limited
whois.nic.bms: rate limited
whois.bnnic.bn: empty response
whois.nic.bnpparibas: rate limited
whois.nic.bo: Failed to connect to whois.nic.bo:43: [111] Connection refused
whois.nic.boehringer: rate limited
whois.nic.bofa: rate limited
whois.nic.bom: Failed to connect to whois.nic.bom:43: [101] Network is unreachable
whois.nic.boo: Failed to connect to whois.nic.boo:43: [0] php_network_getaddresses: getaddrinfo for whois.nic.boo failed: Name or service not known
whois.nic.book: timeout
whois.nic.bosch: rate limited
whois.nic.bot: Failed to connect to whois.nic.bot:43: [101] Network is unreachable
whois.nic.boutique: rate limited
whois.nic.bradesco: rate limited
whois.nic.bridgestone: rate limited
whois.nic.broadway: timeout
whois.nic.broker: rate limited
whois.nic.brother: rate limited
whois.nic.brussels: Failed to connect to whois.nic.brussels:43: [0] php_network_getaddresses: getaddrinfo for whois.nic.brussels failed: No address associated with hostname
whois.nic.builders: rate limited
whois.nic.business: rate limited
whois.nic.buy: timeout
whois.afilias-grs.info: rate limited
whois.nic.cab: rate limited
whois.nic.cafe: rate limited
whois.nic.cal: Failed to connect to whois.nic.cal:43: [0] php_network_getaddresses: getaddrinfo for whois.nic.cal failed: Name or service not known
whois.nic.call: Failed to connect to whois.nic.call:43: [101] Network is unreachable
whois.nic.camera: rate limited
whois.nic.camp: rate limited
whois.nic.canon: rate limited
whois.nic.capital: rate limited
whois.nic.cards: rate limited
whois.nic.care: rate limited
whois.nic.career: Failed to connect to whois.nic.career:43: [101] Network is unreachable
whois.nic.careers: rate limited

2026-03-13 20:13:04
whois.nic.abbvie: timeout
whois.free.net: Failed to connect to whois.free.net:43: [101] Network is unreachable
whois.ac.za: Failed to connect to whois.ac.za:43: [101] Network is unreachable
whois.nic.aco: Failed to connect to whois.nic.aco:43: [0] php_network_getaddresses: getaddrinfo for whois.nic.aco failed: Name or service not known
whois.nic.ads: Failed to connect to whois.nic.ads:43: [0] php_network_getaddresses: getaddrinfo for whois.nic.ads failed: Name or service not known
whois.nic.amazon: timeout
whois.nic.android: Failed to connect to whois.nic.android:43: [0] php_network_getaddresses: getaddrinfo for whois.nic.android failed: Name or service not known
whois.nic.app: Failed to connect to whois.nic.app:43: [0] php_network_getaddresses: getaddrinfo for whois.nic.app failed: Name or service not known
whois.nic.apple: Failed to connect to whois.nic.apple:43: [0] php_network_getaddresses: getaddrinfo for whois.nic.apple failed: Name or service not known
whois.nic.audible: Failed to connect to whois.nic.audible:43: [101] Network is unreachable
whois.nic.author: timeout
whois.nic.avianca: Failed to connect to whois.nic.avianca:43: [0] php_network_getaddresses: getaddrinfo for whois.nic.avianca failed: Name or service not known
whois.nic.aws: timeout
whois.nic.azure: timeout
whois.nic.bananarepublic: Failed to connect to whois.nic.bananarepublic:43: [0] php_network_getaddresses: getaddrinfo for whois.nic.bananarepublic failed: Name or service not known
whois.nic.bbc: timeout
whois.nic.bbva: Failed to connect to whois.nic.bbva:43: [101] Network is unreachable
whois.nic.bentley: Failed to connect to whois.nic.bentley:43: [0] php_network_getaddresses: getaddrinfo for whois.nic.bentley failed: Name or service not known
whois.nic.bing: timeout
whois.bnnic.bn: empty response
whois.nic.bo: Failed to connect to whois.nic.bo:43: [111] Connection refused
whois.nic.bom: timeout
whois.nic.boo: Failed to connect to whois.nic.boo:43: [0] php_network_getaddresses: getaddrinfo for whois.nic.boo failed: Name or service not known
whois.nic.book: Failed to connect to whois.nic.book:43: [101] Network is unreachable
whois.nic.bot: timeout
whois.nic.bridgestone: rate limited
whois.nic.broadway: Failed to connect to whois.nic.broadway:43: [101] Network is unreachable
whois.nic.brother: rate limited
whois.nic.brussels: Failed to connect to whois.nic.brussels:43: [0] php_network_getaddresses: getaddrinfo for whois.nic.brussels failed: No address associated with hostname
whois.nic.buy: timeout
whois.nic.cal: Failed to connect to whois.nic.cal:43: [0] php_network_getaddresses: getaddrinfo for whois.nic.cal failed: Name or service not known
whois.nic.call: timeout
whois.nic.canon: rate limited
whois.nic.career: Failed to connect to whois.nic.career:43: [101] Network is unreachable
whois.nic.cash: rate limited
whois.nic.casino: rate limited
whois.nic.catering: rate limited
whois.nic.cbs: Failed to connect to whois.nic.cbs:43: [0] php_network_getaddresses: getaddrinfo for whois.nic.cbs failed: Name or service not known
whois.nic.center: rate limited
whois.nic.cern: rate limited
whois.nic.cfa: rate limited
whois.nic.chanel: rate limited
whois.nic.channel: Failed to connect to whois.nic.channel:43: [0] php_network_getaddresses: getaddrinfo for whois.nic.channel failed: Name or service not known
whois.nic.chat: rate limited
whois.nic.cheap: rate limited
whois.nic.chrome: Failed to connect to whois.nic.chrome:43: [0] php_network_getaddresses: getaddrinfo for whois.nic.chrome failed: Name or service not known
whois.nic.church: rate limited
whois.nic.cipriani: rate limited
whois.nic.circle: timeout
whois.nic.citadel: rate limited
whois.nic.city: rate limited
whois.nic.cityeats: Failed to connect to whois.nic.cityeats:43: [0] php_network_getaddresses: getaddrinfo for whois.nic.cityeats failed: Name or service not known
whois.nic.claims: rate limited
whois.nic.cleaning: rate limited
whois.nic.clinic: rate limited
whois.nic.clinique: rate limited
whois.nic.clothing: rate limited
whois.nic.clubmed: rate limited
whois.nic.co: Failed to connect to whois.nic.co:43: [0] php_network_getaddresses: getaddrinfo for whois.nic.co failed: Name or service not known
whois.co.pl: timeout
whois.nic.coach: rate limited
whois.nic.codes: rate limited
whois.nic.coffee: rate limited
whois.nic.comcast: Failed to connect to whois.nic.comcast:43: [0] php_network_getaddresses: getaddrinfo for whois.nic.comcast failed: Name or service not known
whois.nic.community: rate limited
whois.nic.company: rate limited
whois.nic.computer: rate limited
whois.nic.condos: rate limited
whois.nic.construction: rate limited
whois.nic.consulting: rate limited
whois.nic.contact: rate limited
whois.nic.contractors: rate limited
whois.nic.cool: rate limited
whois.nic.coupon: rate limited
whois.nic.coupons: rate limited
whois.nic.credit: rate limited
whois.nic.creditcard: rate limited
whois.nic.crs: rate limited
whois.nic.cruise: rate limited
whois.nic.cruises: rate limited
whois.nic.cymru: Failed to connect to whois.nic.cymru:43: [0] php_network_getaddresses: getaddrinfo for whois.nic.cymru failed: Name or service not known
whois.nic.dabur: Failed to connect to whois.nic.dabur:43: [0] php_network_getaddresses: getaddrinfo for whois.nic.dabur failed: Name or service not known
whois.nic.dad: Failed to connect to whois.nic.dad:43: [0] php_network_getaddresses: getaddrinfo for whois.nic.dad failed: Name or service not known
whois.nic.dance: rate limited
whois.nic.dating: rate limited
whois.nic.datsun: rate limited
whois.nic.day: Failed to connect to whois.nic.day:43: [0] php_network_getaddresses: getaddrinfo for whois.nic.day failed: Name or service not known
whois.nic.dclk: Failed to connect to whois.nic.dclk:43: [0] php_network_getaddresses: getaddrinfo for whois.nic.dclk failed: Name or service not known
whois.nic.deal: timeout
whois.nic.deals: rate limited
whois.nic.degree: rate limited
whois.nic.delivery: rate limited
whois.nic.delta: rate limited
whois.nic.democrat: rate limited
whois.nic.dental: rate limited
whois.nic.dentist: rate limited
whois.nic.desi: Failed to connect to whois.nic.desi:43: [101] Network is unreachable
whois.nic.dev: Failed to connect to whois.nic.dev:43: [0] php_network_getaddresses: getaddrinfo for whois.nic.dev failed: Name or service not known
whois.nic.diamonds: rate limited
whois.nic.digital: rate limited
whois.nic.direct: rate limited
whois.nic.directory: rate limited
whois.nic.discount: rate limited
whois.nic.discover: rate limited
whois.nic.dnp: rate limited
whois.nic.docs: Failed to connect to whois.nic.docs:43: [0] php_network_getaddresses: getaddrinfo for whois.nic.docs failed: Name or service not known
whois.nic.doctor: rate limited
whois.nic.dog: rate limited
whois.nic.domains: rate limited
whois.nic.drive: Failed to connect to whois.nic.drive:43: [0] php_network_getaddresses: getaddrinfo for whois.nic.drive failed: Name or service not known
whois.nic.dunlop: Failed to connect to whois.nic.dunlop:43: [0] php_network_getaddresses: getaddrinfo for whois.nic.dunlop failed: Name or service not known
whois.nic.dz: Failed to connect to whois.nic.dz:43: [0] php_network_getaddresses: getaddrinfo for whois.nic.dz failed: Name or service not known
whois.nic.eat: Failed to connect to whois.nic.eat:43: [0] php_network_getaddresses: getaddrinfo for whois.nic.eat failed: Name or service not known
whois.nic.edeka: rate limited
whois.edu.cn: timeout
whois.informika.ru: timeout
whois.nic.education: rate limited
whois.nic.email: rate limited
whois.nic.emerck: rate limited
whois.nic.energy: rate limited
whois.nic.engineer: rate limited
whois.nic.engineering: rate limited
whois.nic.enterprises: rate limited
whois.nic.epson: rate limited
whois.nic.equipment: rate limited
whois.nic.ericsson: rate limited
whois.nic.esq: Failed to connect to whois.nic.esq:43: [0] php_network_getaddresses: getaddrinfo for whois.nic.esq failed: Name or service not known
whois.nic.estate: rate limited
whois.nic.etisalat: Failed to connect to whois.nic.etisalat:43: [0] php_network_getaddresses: getaddrinfo for whois.nic.etisalat failed: Name or service not known
whois.eu.org: Failed to connect to whois.eu.org:43: [101] Network is unreachable
whois.nic.events: rate limited
whois.nic.exchange: rate limited
whois.nic.expert: rate limited
whois.nic.exposed: rate limited
whois.nic.express: rate limited
whois.nic.extraspace: rate limited
whois.nic.fage: rate limited
whois.nic.fail: rate limited
whois.nic.fairwinds: timeout
whois.nic.family: rate limited
whois.nic.fan: rate limited
whois.nic.farm: rate limited
whois.nic.fast: timeout
whois.nic.fedex: rate limited
whois.nic.ferrari: rate limited

